node : K:\Open source\WalletW
ise\backend\controllers\trans
actionController.js:389
At line:1 char:1
+ node controllers/transactio
nController.js > 
error_log.txt 2>&1
+ ~~~~~~~~~~~~~~~~~~~~~~~~~~~
~~~~~~~~~~~~~~~~~~~~~~~~~~~~~
~~~~~~
    + CategoryInfo           
   : NotSpecified: (K:\Open  
   source\...ntroller.js:3   
 89:String) [], RemoteExc    
eption
    + FullyQualifiedErrorId  
   : NativeCommandError
 
}catch (error) {
 ^^^^^

SyntaxError: Unexpected 
token 'catch'
    at wrapSafe (node:interna
l/modules/cjs/loader:1692:18)
    at Module._compile (node:
internal/modules/cjs/loader:1
735:20)
    at Object..js (node:inter
nal/modules/cjs/loader:1893:1
0)
    at Module.load (node:inte
rnal/modules/cjs/loader:1481:
32)
    at Module._load (node:int
ernal/modules/cjs/loader:1300
:12)
    at 
TracingChannel.traceSync (nod
e:diagnostics_channel:328:14)
    at wrapModuleLoad (node:i
nternal/modules/cjs/loader:24
5:24)
    at 
Module.executeUserEntryPoint 
[as runMain] (node:internal/m
odules/run_main:154:5)
    at node:internal/main/run
_main_module:33:47

Node.js v24.11.1
